loc is: 1 | let rec f x =
                ^^^
        
loc is: 2 |   if x < 0 then - (f (-x))
              ^^
        
loc is: 1 | ....rec f x =
        2 |   if......................
        
