loc is: 1 | 1. +. 42;;
                  ^^
        
loc is: 1 | 1. +. 42;;
                  ^^
        
loc is: 1 | 1. +. 42;;
                  ^^
        
loc is: 1 | 1. +. 42;;
                  ^^
        
