loc is: 2 |   42 +. 1.
              ^^
        
loc is: 2 |   42 +. 1.
              ^^
        
loc is: 2 |   42 +. 1.
              ^^
        
loc is: 2 | .(1
        3 |   + 2)........
        
loc is: 2 | .(1
        3 |   + 2)........
        
loc is: 2 | .(1
        3 |   + 2)........
        
